// Jest Snapshot v1, https://goo.gl/fbAQLP

exports[`LinkButton when button clicked then onClick is triggered 1`] = `"<button type=\\"button\\" class=\\"button link\\">testTitle</button>"`;
