// Jest Snapshot v1, https://goo.gl/fbAQLP

exports[`when Header then Header and Brand is rendered 1`] = `ReactWrapper {}`;
